MAP
NAME "guifiCANADA"
SIZE 600 450
TRANSPARENT OFF
IMAGECOLOR 220 255 255
IMAGETYPE JPEG 
STATUS ON
SYMBOLSET "symbols/symbols.sym"
FONTSET fonts/fonts.txt
EXTENT -180 -90 180 90
#EXTENT -2200000 -712631 3072800 3840000
UNITS dd
#UNITS meters
SHAPEPATH "../data/"

PROJECTION
   "init=epsg:4326"
END
    
WEB
  IMAGEPATH "/tmp/ms_tmp/"
  IMAGEURL "/tmp/"
END

SYMBOL
    NAME 'circle'
    TYPE ELLIPSE
    POINTS 
      1 1 
    END
    FILLED TRUE
END
SYMBOL
    NAME 'dashed'
    TYPE ELLIPSE
    POINTS 
      1 1 
    END
    STYLE 2 2 2 2 END
    FILLED TRUE
END

REFERENCE
   IMAGE images/key_canada.jpg
   EXTENT -141.45 22.5 -51.45 90
   STATUS ON
   COLOR -1 -1 -1
   OUTLINECOLOR 255 0 0
   SIZE 120 90
END


QUERYMAP
  STYLE HILITE
  COLOR 255 0 0
END

SCALEBAR
  IMAGECOLOR 255 255 255
  LABEL
    COLOR 0 0 0
    SIZE SMALL
  END
  SIZE 350 3
  COLOR 255 255 255
  BACKGROUNDCOLOR 0 0 0
  OUTLINECOLOR 0 0 0
  UNITS kilometers
  INTERVALS 5
  STATUS ON
END


# World, admin borders
LAYER
    NAME BaseMap
    TYPE POLYGON
    STATUS on
    TRANSPARENCY 100
    MINSCALE 10000000
    DATA "admin00"
    LABELITEM "ADMIN_NAME"
    CLASS
        STYLE
            COLOR 255 255 220
            OUTLINECOLOR 176 177 189
            SYMBOL 0
        END
        NAME "WorldAdmin"
    END
    PROJECTION "init=epsg:4326" END
END


#####################################################################
# Put here base opaque layers such topos, ortophotos
#####################################################################

#####################################################################
# Maps of Canada (geobase.ca)
#####################################################################

LAYER
  NAME bathymetry
  METADATA
    "DESCRIPTION" "Elevation/Bathymetry"
  END
  TYPE RASTER
  STATUS ON
  MAXSCALE 50000000
  MINSCALE 1500000
  DATA canada/bath_mapserver.tif
#  PROJECTION "init=epsg:4326" END
  PROJECTION "init=epsg:42304" END
END

# Canada, Elevation
LAYER
      NAME "Elevation"
      TYPE RASTER
      STATUS on
      CONNECTION "http://www.geobase.ca/wms-bin/cubeserv.cgi?"
      CONNECTIONTYPE WMS
      TRANSPARENCY 100
      MAXSCALE 1500000
      MINSCALE 20000
      METADATA
        "wms_srs"             "EPSG:4326"
        "wms_name"            "DNEC_50K:ELEVATION/ELEVATION"
        "wms_server_version"  "1.1.1"
        "wms_format"          "image/png"
      END
    END
# EOF Canada opaque layers
############################################################################

#####################################################################
# Put here transparent layers such roads, administrative limits...
#####################################################################

#####################################################################
# Maps of Canada (geogratis.com)
#####################################################################


LAYER
  NAME land_fn
  METADATA
    "DESCRIPTION" "Foreign Lands"
  END
  TYPE POLYGON
  STATUS ON
  DATA canada/land_fn
  CLASS
    NAME "Foreign Lands"
    COLOR 240 240 240
    OUTLINECOLOR 199 199 199
  END
  PROJECTION "init=epsg:42304" END
END # layer

LAYER
  NAME park
  METADATA
    "DESCRIPTION"   "Parks"
    "RESULT_FIELDS" "NAME_E YEAR_EST AREA_KMSQ"
  END
  TYPE POLYGON
  STATUS OFF
  DATA canada/park
  CLASS
    NAME "Parks"
    COLOR 200 255 0
    OUTLINECOLOR 120 120 120
    TEMPLATE "ttt_query.html"
  END
  TOLERANCE 5
  PROJECTION "init=epsg:42304" END
END # Layer

LAYER
  NAME drain_fn
  METADATA
    "DESCRIPTION" "Water"
  END
  TYPE POLYGON
  STATUS ON
  DATA canada/drain_fn
  CLASSITEM "Poly_featu"
  CLASS
    EXPRESSION /16|21/
    NAME "Water"
    COLOR 225 249 255
    OUTLINECOLOR 186 234 245
  END
  PROJECTION "init=epsg:42304" END
END # layer

LAYER
  NAME drainage
  METADATA
    "DESCRIPTION" "Drainage"
  END
  TYPE POLYGON
  STATUS ON
  DATA canada/drainage
  CLASSITEM "Poly_featu"
  CLASS
    EXPRESSION "0"
    NAME "Water"
    COLOR 225 249 255
    OUTLINECOLOR 186 234 245
  END
  PROJECTION "init=epsg:42304" END
END # layer

LAYER
  NAME prov_bound
  METADATA
    "DESCRIPTION" "Province"
  END
  MINSCALE 1500000
  TYPE LINE
  STATUS ON
  DATA canada/province
  CLASS
    NAME "Province"
    COLOR 120 120 120
  END
  PROJECTION "init=epsg:42304" END
END # layer

LAYER
  NAME rail
  METADATA
    "DESCRIPTION" "Railroads"
  END
  TYPE LINE
  STATUS ON
  DATA canada/rail
  CLASS
    NAME "Railroads"
    SYMBOL 0
    COLOR 168 0 184
  END
  PROJECTION "init=epsg:42304" END
END # Layer

LAYER
  NAME road
  METADATA
    "DESCRIPTION" "Roads"
  END
  MINSCALE 1500000
  TYPE LINE
  STATUS ON
  DATA canada/road
  CLASS
    NAME "Roads"
    SYMBOL 0
    COLOR 220 0 0
  END
  PROJECTION "init=epsg:42304" END
END # Layer
LAYER
  NAME junction
  METADATA
    "DESCRIPTION" "junction"
  END
  MINSCALE 1500000
  TYPE LINE
  STATUS On
  DATA canada/road
  CLASS
    NAME "JUNCTION_0:RRN/NRN"
    SYMBOL 0
    COLOR 220 0 0
  END
  PROJECTION "init=epsg:42304" END
END # Layer

LAYER
  NAME blocked
  METADATA
    "DESCRIPTION" "blocked"
  END
  MINSCALE 1500000
  TYPE LINE
  STATUS ON
  DATA canada/road
  CLASS
    NAME "BLKPASSAGE_0:RRN/NRN"
    SYMBOL 0
    COLOR 220 0 0
  END
  PROJECTION "init=epsg:42304" END
END # Layer


LAYER
  NAME popplace
  METADATA
    "DESCRIPTION"   "Cities"
    "RESULT_FIELDS" "NAME"
  END
  TYPE POINT
  STATUS ON
  DATA canada/popplace
  MINSCALE 1500000
  LabelItem "Name"
  CLASSITEM "Capital"
  CLASS
    EXPRESSION "1"
    TEMPLATE "ttt_query.html"
    SYMBOL 2
    SIZE 8

    NAME "Cities"
    LABEL
      COLOR  255 0 0
      FONT sans-italic
      TYPE truetype
      SIZE 8
      POSITION AUTO
      PARTIALS FALSE
      OUTLINECOLOR 255 255 255
    END
    COLOR 0 0 0
  END
  CLASS
    EXPRESSION /2|3/
    TEMPLATE "ttt_query.html"
    SYMBOL 7
    SIZE 6
    NAME "Cities"
    LABEL
     COLOR  0 0 0
     FONT sans
     TYPE truetype
     SIZE 8
     POSITION AUTO
     PARTIALS FALSE
     OUTLINECOLOR 255 255 255
    END
    COLOR 0 0 0
  END
  TOLERANCE 5
  PROJECTION "init=epsg:42304" END
END # Layer


# Canada, Frontieres
LAYER
      NAME "Frontieres"
      TYPE RASTER
      STATUS on
      CONNECTION "http://www.geobase.ca/wms-bin/cubeserv.cgi?"
      CONNECTIONTYPE WMS
      TRANSPARENCY 100
      MAXSCALE 1500000
#      MINSCALE 0
      METADATA
        "wms_srs"             "EPSG:4326"
        "wms_name"            "CANADA_1:REFERENCE/REFERENCE"
        "wms_server_version"  "1.1.1"
        "wms_format"          "image/png"
      END
    END

# Canada, Hydrpgraphie
LAYER
      NAME "Hydrpgraphie"
      TYPE RASTER
      STATUS on
      CONNECTION "http://www.geobase.ca/wms-bin/cubeserv.cgi?"
      CONNECTIONTYPE WMS
      TRANSPARENCY 100
      MAXSCALE 1500000
#      MINSCALE 0
      METADATA
        "wms_srs"             "EPSG:4326"
        "wms_name"            "DRAINAGE:REFERENCE/REFERENCE"
        "wms_server_version"  "1.1.1"
        "wms_format"          "image/png"
      END
    END
# Canada, Place
LAYER
      NAME "Place"
      TYPE RASTER
      STATUS on
      CONNECTION "http://www.geobase.ca/wms-bin/cubeserv.cgi?"
      CONNECTIONTYPE WMS
      TRANSPARENCY 100
      MAXSCALE 1500000
#      MINSCALE 0
      METADATA
        "wms_srs"             "EPSG:4326"
        "wms_name"            "PLACE:REFERENCE/REFERENCE"
        "wms_server_version"  "1.1.1"
        "wms_format"          "image/png"
      END
    END
# Canada, Capital
LAYER
      NAME "Capital"
      TYPE RASTER
      STATUS on
      CONNECTION "http://www.geobase.ca/wms-bin/cubeserv.cgi?"
      CONNECTIONTYPE WMS
      TRANSPARENCY 100
      MAXSCALE 1500000
#      MINSCALE 0
      METADATA
        "wms_srs"             "EPSG:4326"
        "wms_name"            "PLACE_CAPITAL:REFERENCE/REFERENCE"
        "wms_server_version"  "1.1.1"
        "wms_format"          "image/png"
      END
    END
# Canada, RoadSegment
LAYER
      NAME "RoadSeg"
      TYPE RASTER
      STATUS on
      CONNECTION "http://www.geobase.ca/wms-bin/cubeserv.cgi?"
      CONNECTIONTYPE WMS
      TRANSPARENCY 100
      MAXSCALE 1500000
#      MINSCALE 0
      METADATA
        "wms_srs"             "EPSG:4326"
        "wms_name"            "ROADSEG_1:RRN/NRN"
        "wms_server_version"  "1.1.1"
        "wms_format"          "image/png"
      END
    END
# Canada, RoadSegmenNamet
LAYER
      NAME "RoadSegName"
      TYPE RASTER
      STATUS off
#      CONNECTION "http://www.geobase.ca/wms-bin/cubeserv.cgi?REQUEST=GetLegendGraphic&LAYER=ROADSEG_1:RRN/NRN&STYLE=RRN"
      CONNECTION "http://www.geobase.ca/wms-bin/cubeserv.cgi?"
      CONNECTIONTYPE WMS
      TRANSPARENCY 100
      MAXSCALE 1500000
#      MINSCALE 0
      METADATA
        "wms_srs"             "EPSG:4326"
        "wms_name"            "ROADSEG_1:RRN/NRN"
        "wms_server_version"  "1.1.1"
        "wms_format"          "image/gif"
        "wms_request"         "GetLegendGraphic"
        "wms_style"           "RRN"
      END
    END
# Canada, Names
LAYER
      NAME "Names"
      TYPE RASTER
      STATUS on
      CONNECTION "http://www.geobase.ca/wms-bin/cubeserv.cgi?"
      CONNECTIONTYPE WMS
      TRANSPARENCY 100
      MAXSCALE 1500000
#      MINSCALE 0
      METADATA
        "wms_srs"             "EPSG:4326"
        "wms_name"            "GEONAMES:NOMS_LIEUX/PLACE_NAMES"
        "wms_server_version"  "1.1.1"
        "wms_format"          "image/png"
      END
    END
# Canada, Radarsat
LAYER
      NAME "Radarsat"
      TYPE RASTER
      STATUS off
      CONNECTION "http://www.geobase.ca/wms-bin/cubeserv.cgi?"
      CONNECTIONTYPE WMS
      TRANSPARENCY 100
      MAXSCALE 1500000
#      MINSCALE 0
      METADATA
        "wms_srs"             "EPSG:4326"
        "wms_name"            "RSAT_MOSAIC:CEOWARE2:CCT/CCRS_OTTAWA"
        "wms_server_version"  "1.1.1"
        "wms_format"          "image/png"
      END
    END


#########################################################################################
## END Of local maps, insert here common layers
########################################################################################


# Links 
  LAYER
    NAME Links
    TYPE LINE
    DATA dlinks/dlinks
    STATUS ON
    CLASS
      NAME 'LinksWDS'
      MAXSCALE 1000000000
      EXPRESSION ('[STATUS]' = 'Working' AND '[LINK_TYPE]' = 'wds')
      STYLE
        SYMBOL 'circle'
        COLOR 30 255 14
        SIZE 2
        MINSIZE 2
      END
      TEMPLATE "ttt_query.html"
    END
    CLASS
      NAME 'LinksClient'
      MAXSCALE 1000000000
      EXPRESSION ('[STATUS]' = 'Working' AND '[LINK_TYPE]' = 'ap/client')
      STYLE
        SYMBOL 'circle'
        COLOR 0 255 0
        SIZE 1
        MINSIZE 1
      END
      TEMPLATE "ttt_query.html"
    END
    CLASS
      NAME 'LinksOffline'
      MAXSCALE 1000000000
      EXPRESSION ('[STATUS]' != 'Working')
      STYLE
        SYMBOL 'dashed'
        COLOR 0 128 255
        SIZE 1
        MINSIZE 1
      END
      TEMPLATE "ttt_query.html"
    END
    METADATA
      "DESCRIPTION"   "Links"
      "RESULT_FIELDS" "NODE1_ID NODE1_NAME NODE2_ID NODE2_NAME LINK_TYPE STATUS KMS NODE1_URL NODE2_URL"
    END
    PROJECTION
      "proj=latlong"
      "ellps=WGS84"
      "datum=WGS84"
      "no_defs"
    END
  END

# Nodes 
  LAYER
    NAME Nodes
    METADATA
      "DESCRIPTION"   "Nodes"
      "RESULT_FIELDS" "NODE_NAME NODE_TYPE STATUS NODE_URL"
    END
    LABELITEM NODE_NAME
    TYPE POINT
    DATA dnodes/dnodes
    STATUS ON
    CLASS
      NAME 'NodesAP'
      EXPRESSION ('[NODE_TYPE]' = 'ap' and '[STATUS]' = 'Working')
      MINSCALE 100000
      STYLE
        SYMBOL 'circle'
        COLOR 0 255 0
        OUTLINECOLOR 0 0 0
        SIZE 6
      END
      TEMPLATE "ttt_query.html"
    END
    CLASS
      NAME 'NodesAPName'
      EXPRESSION ('[NODE_TYPE]' = 'ap' and '[STATUS]' = 'Working')
      MAXSCALE 100000
      LABEL
         COLOR  44 6 126
         FONT sans
         TYPE truetype
         SIZE 6
         POSITION AUTO
         PARTIALS FALSE
         OUTLINECOLOR 255 255 255
      END
      STYLE
        SYMBOL 'circle'
        COLOR 0 255 0
        OUTLINECOLOR 0 0 0
        SIZE 7
      END
      TEMPLATE "ttt_query.html"
    END
    CLASS
      NAME 'Supernodes'
      EXPRESSION ('[NODE_TYPE]' = 'Supernode' and '[STATUS]' = 'Working')
      MINSCALE 250000
      STYLE
        SYMBOL 'star'
        COLOR 0 255 0
        OUTLINECOLOR 0 0 0
        SIZE 8
      END
      TEMPLATE "ttt_query.html"
    END
    CLASS
      NAME 'SupernodesName'
      EXPRESSION ('[NODE_TYPE]' = 'Supernode' and '[STATUS]' = 'Working')
      MAXSCALE 250000
      LABEL
         COLOR  44 6 126
         FONT sans
         TYPE truetype
         SIZE 7
         POSITION AUTO
         PARTIALS FALSE
         OUTLINECOLOR 255 255 255
      END
      STYLE
        SYMBOL 'star'
        COLOR 0 255 0
        OUTLINECOLOR 0 0 0
        SIZE 12
      END
      TEMPLATE "ttt_query.html"
    END
    CLASS
      NAME 'NodesProjected'
      EXPRESSION ('[STATUS]' != 'Working')
      MINSCALE 25000
      STYLE
        SYMBOL 'circle'
        COLOR 255 255 0
        OUTLINECOLOR 0 0 0
        SIZE 4
      END
      TEMPLATE "ttt_query.html"
    END
    CLASS
      NAME 'NodesProjectedName'
      EXPRESSION ('[STATUS]' != 'Working')
      MAXSCALE 25000
      LABEL
         COLOR  44 6 126
         FONT sans
         TYPE truetype
         SIZE 5
         POSITION AUTO
         PARTIALS FALSE
         OUTLINECOLOR 255 255 255
      END
      STYLE
        SYMBOL 'circle'
        COLOR 255 255 0
        OUTLINECOLOR 0 0 0
        SIZE 4
      END
    END
    CLASS
      NAME 'NodesClient'
      EXPRESSION ('[NODE_TYPE]' = 'client' and '[STATUS]' = 'Working')
      MINSCALE 25000
      STYLE
        SYMBOL 'circle'
        COLOR 0 255 0
        OUTLINECOLOR 0 0 0
        SIZE 4
      END
      TEMPLATE "ttt_query.html"
    END
    CLASS
      NAME 'NodesClientName'
      EXPRESSION ('[NODE_TYPE]' = 'client' and '[STATUS]' = 'Working')
      MAXSCALE 25000
      LABEL
         COLOR  44 6 126
         FONT sans
         TYPE truetype
         SIZE 5
         POSITION AUTO
         PARTIALS FALSE
         OUTLINECOLOR 255 255 255
      END
      STYLE
        SYMBOL 'circle'
        COLOR 0 255 0
        OUTLINECOLOR 0 0 0
        SIZE 4
      END
    END
    PROJECTION
      "proj=latlong"
      "ellps=WGS84"
      "datum=WGS84"
      "no_defs"
    END
    METADATA
      WMS_TITLE "Supernodes"
      WMS_ABSTRACT "Supernodes."
    END
  END

# Layer POINTER
LAYER
  NAME Pointer
  TYPE POINT
  TRANSPARENCY 100
  STATUS ON
  LABELITEM Clicked
  CLASS
      SYMBOL 'star' SIZE 10
      COLOR 255 0 0
      OUTLINECOLOR 0 0 0
    END
END

LAYER
  NAME copyright
  STATUS on
  TYPE annotation
  TRANSFORM false
  FEATURE
    POINTS
      100 10 #this is the position of the text in image coordinates (pixels)
    END
    TEXT "guifi.net & GeoBase (geobase.ca)" #this is your displaying text
  END   
  CLASS
    LABEL #defines the font, colors etc. of the text
      FONT "sans"
      TYPE TRUETYPE
      SIZE 8
      BUFFER 1
      COLOR 0 0 0
      OUTLINECOLOR 255 255 255
      FORCE TRUE
    END
  END 
END

END

