MAP
NAME "WMS_guifi.net"
SIZE 800 600
TRANSPARENT OFF
IMAGECOLOR 220 255 255
IMAGETYPE JPEG
STATUS ON
SYMBOLSET "guifi_symbols.sym"
FONTSET fonts/fonts.txt
EXTENT -180 -90 180 90
UNITS dd
SHAPEPATH "data/"
CONFIG "MS_ERRORFILE" "/tmp/ms_error.txt"
PROJECTION
   "init=epsg:4326"
END

WEB
  TEMPLATE "web.html"
  IMAGEPATH "/tmp/ms_tmp"
  IMAGEURL "/tmp/"
 #*************-Afegit IDEC--Descripició de les capacitats
  METADATA
    WMS_TITLE "Nodes GUIFI.NET"
    WMS_ABSTRACT "Localització de nodes"
    WMS_FEATURE_INFO_MIME_TYPE  "text/html"
    WMS_ONLINERESOURCE "http://wms.guifi.net/cgi-bin/mapserv?map=/home/guifi/maps.guifi.net/guifimaps/GMap.map&"
    WMS_SRS "EPSG:4326 EPSG:23031"
"wms_enable_request"   "*"
  END
 #*************-Final afegit

END

# Links
  LAYER
    NAME Links
    TYPE LINE
    DATA dlinks/dlinks
    TOLERANCE 8
    STATUS ON
    CLASS
      NAME 'LinksClient'
      MAXSCALE 100000
      EXPRESSION ('[STATUS]' = 'Working' AND '[LINK_TYPE]' = 'ap/client')
      STYLE
#        SYMBOL 'circle'
        COLOR 212 255 128
        SIZE 1
        MINSIZE 1
      END
      TEMPLATE "links.html"
    END
    CLASS
      NAME 'LinksWDS'
      MAXSCALE 1000000000
      EXPRESSION ('[STATUS]' = 'Working' AND '[LINK_TYPE]' = 'wds')
      STYLE
#        SYMBOL 'line'
        COLOR 0 255 0
        SIZE 1.5
        MINSIZE 1.5
      END
      TEMPLATE "links.html"
    END
    CLASS
      NAME 'LinksPlannedWDS'
      MAXSCALE 1000000000
      EXPRESSION ('[STATUS]' = 'Planned' AND '[LINK_TYPE]' = 'wds')
      STYLE
        SYMBOL 'dashed'
        COLOR 0 128 255
        PATTERN 2 2 2 2END
        SIZE 1
        MINSIZE 1
      END
      TEMPLATE "links.html"
    END
    CLASS
      NAME 'LinksPlanned'
      MAXSCALE 10000
      EXPRESSION ('[STATUS]' = 'Planned')
      STYLE
        SYMBOL 'dashed'
        COLOR 0 128 255
        PATTERN 2 2 2 2 END
        SIZE 1
        MINSIZE 1
      END
      TEMPLATE "links.html"
    END
    CLASS
      NAME 'LinksTesting'
      MAXSCALE 10000
      EXPRESSION ('[STATUS]' = 'Testing')
      STYLE
        SYMBOL 'dashed'
        COLOR 255 127 0
        PATTERN 2 2 2 2 END
        SIZE 1
        MINSIZE 1
      END
      TEMPLATE "links.html"
    END
    CLASS
      NAME 'LinksBuilding'
      MAXSCALE 10000
      EXPRESSION ('[STATUS]' = 'Building')
      STYLE
        SYMBOL 'dashed'
        COLOR 255 236 139
        PATTERN 2 2 2 2 END
        SIZE 1
        MINSIZE 1
      END
      TEMPLATE "links.html"
    END
    CLASS
      NAME 'LinksOffline'
      MAXSCALE 10000
      EXPRESSION ('[STATUS]' != 'Working' and [STATUS]' != 'Planned' and '[STATUS]' != 'Building' and '[STATUS]' != 'Testing')
      STYLE
        SYMBOL 'dashed'
        COLOR 255 255 255
        PATTERN 2 2 2 2 END
        SIZE 1
        MINSIZE 1
      END
      TEMPLATE "links.html"
    END

    METADATA
      "DESCRIPTION"   "Links"
      "RESULT_FIELDS" "NODE1_ID NODE1_NAME NODE2_ID NODE2_NAME LINK_TYPE STATUS KMS NODE1_URL NODE2_URL"
    END
    PROJECTION
      "proj=latlong"
      "ellps=WGS84"
      "datum=WGS84"
      "no_defs"
    END
	#*************-Afegit IDEC--Descripició de les capacitats
	METADATA
      WMS_TITLE "Links"
      WMS_ABSTRACT "Links"
      WMS_SRS "EPSG:4326 EPSG:23031"
	  #Exposició Web Feature Service
	  "wfs_title"    "Links"
      "gml_include_items" "ALL"
	END
	 #*************-Final afegit
  END

  # Paths
    LAYER
      NAME Paths
      TYPE LINE
      DATA paths/paths
      TOLERANCE 8
      STATUS ON
      CLASS
        NAME 'PathsNotWorking'
        EXPRESSION ('[status]' != 'Working' and '[status]' != 'Planned')
        STYLE
          COLOR 255 0 255
          SIZE 1
          WIDTH 2.0
          MINSIZE 1
        END
      END
      CLASS
        NAME 'PathsND'
        EXPRESSION ('[type]' = 'notdefined' and '[status]' = 'Working')
        STYLE
          COLOR 255 0 0
          SIZE 1
          WIDTH 2.0
          MINSIZE 1
        END
      END
      CLASS
        NAME 'PathsUG'
        EXPRESSION ('[type]' = 'underground' and '[status]' = 'Working')
        STYLE
          COLOR 255 0 0
          SIZE 1
          WIDTH 2.0
          MINSIZE 1
        END
      END
      CLASS
        NAME 'PathsAI'
        EXPRESSION ('[type]' = 'aerial' and '[status]' = 'Working')
        STYLE
          COLOR 255 0 0
          SIZE 1
          WIDTH 2.0
          MINSIZE 1
        END
      END
      CLASS
        NAME 'PathsFC'
        EXPRESSION ('[type]' = 'facade' and '[status]' = 'Working')
        STYLE
          COLOR 255 0 0
          SIZE 1
          WIDTH 2.0
          MINSIZE 1
        END
      END

      METADATA
        "DESCRIPTION"   "Paths"
        "RESULT_FIELDS" "name type"
      END
      PROJECTION
        "proj=latlong"
        "ellps=WGS84"
        "datum=WGS84"
        "no_defs"
      END
  	#*************-Afegit IDEC--Descripició de les capacitats
  	METADATA
        WMS_TITLE "Paths"
        WMS_ABSTRACT "Paths"
        WMS_SRS "EPSG:4326 EPSG:23031"
  	  #Exposició Web Feature Service
  	  "wfs_title"    "Paths"
        "gml_include_items" "ALL"
  	END
  	 #*************-Final afegit
    END

# Nodes
  LAYER
    NAME Nodes
    METADATA
      "DESCRIPTION"   "Nodes"
      "RESULT_FIELDS" "NODE_NAME NODE_TYPE STATUS NODE_URL"
    END
    LABELITEM NODE_NAME
    TYPE POINT
    DATA dnodes/dnodes
    TOLERANCE 8
    STATUS ON


    CLASS
      NAME 'NodesAP'
      EXPRESSION ('[NODE_TYPE]' = 'ap' and '[STATUS]' = 'Working')
      MINSCALE 100000
      STYLE
        SYMBOL 'circle'
        COLOR 0 255 0
        OUTLINECOLOR 0 0 0
        SIZE 6
      END
      TEMPLATE "nodes.html"
    END
    CLASS
      NAME 'NodesAPName'
      EXPRESSION ('[NODE_TYPE]' = 'ap' and '[STATUS]' = 'Working')
      MAXSCALE 100000
      LABEL
         COLOR  44 6 126
         FONT sans
         TYPE truetype
         SIZE 6
         POSITION AUTO
         PARTIALS FALSE
         OUTLINECOLOR 255 255 253
      END
      STYLE
        SYMBOL 'circle'
        COLOR 0 255 0
        OUTLINECOLOR 0 0 0
        SIZE 5
      END
      TEMPLATE "nodes.html"
    END


    CLASS
      NAME 'Supernodes'
      EXPRESSION ('[NODE_TYPE]' = 'Supernode' and '[STATUS]' = 'Working')
      MINSCALE 100000
      STYLE
        SYMBOL 'star'
        COLOR 0 255 0
        OUTLINECOLOR 0 0 0
        SIZE 7
      END
      TEMPLATE "nodes.html"
    END
    CLASS
      NAME 'SupernodesName'
      EXPRESSION ('[NODE_TYPE]' = 'Supernode' and '[STATUS]' = 'Working')
      LABEL
         COLOR  44 6 126
         FONT sans
         TYPE truetype
         SIZE 9
         POSITION AUTO
         PARTIALS FALSE
         OUTLINECOLOR 255 255 253
      END
      STYLE
        SYMBOL 'star'
        COLOR 0 255 0
        OUTLINECOLOR 0 0 0
        SIZE 12
      END
      TEMPLATE "nodes.html"
    END

    CLASS
      NAME 'NodesClient'
      EXPRESSION ('[NODE_TYPE]' = 'client' and '[STATUS]' = 'Working')
      MINSCALE 10000
      STYLE
        SYMBOL 'circle'
        COLOR 0 255 0
        OUTLINECOLOR 0 0 0
        SIZE 4
      END
      TEMPLATE "nodes.html"
    END
    CLASS
      NAME 'NodesClientName'
      EXPRESSION ('[NODE_TYPE]' = 'client' and '[STATUS]' = 'Working')
      MAXSCALE 10000
      LABEL
         COLOR  44 6 126
         FONT sans
         TYPE truetype
         SIZE 6
         POSITION AUTO
         PARTIALS FALSE
         OUTLINECOLOR 255 255 253
      END
      STYLE
        SYMBOL 'circle'
        COLOR 0 255 0
        OUTLINECOLOR 0 0 0
        SIZE 7
      END
    END

    CLASS
      NAME 'NodesMESH'
      EXPRESSION ('[NODE_TYPE]' = 'mesh' and '[STATUS]' = 'Working')
      MINSCALE 10000
      STYLE
        SYMBOL 'circle'
        COLOR 160 160 255
        OUTLINECOLOR 0 0 0
        SIZE 4
      END
      TEMPLATE "nodes.html"
    END
    CLASS
      NAME 'NodesMESHName'
      EXPRESSION ('[NODE_TYPE]' = 'mesh' and '[STATUS]' = 'Working')
      MAXSCALE 10000
      LABEL
         COLOR  44 6 126
         FONT sans
         TYPE truetype
         SIZE 6
         POSITION AUTO
         PARTIALS FALSE
         OUTLINECOLOR 255 255 253
      END
      STYLE
        SYMBOL 'circle'
        COLOR 255 150 150
        OUTLINECOLOR 0 0 0
        SIZE 7
      END
    END

    CLASS
      NAME 'NodesADHOC'
      EXPRESSION ('[NODE_TYPE]' = 'ad-hoc' and '[STATUS]' = 'Working')
      MINSCALE 10000
      STYLE
        SYMBOL 'circle'
        COLOR 160 160 255
        OUTLINECOLOR 0 0 0
        SIZE 4
      END
      TEMPLATE "nodes.html"
    END
    CLASS
      NAME 'NodesADHOCName'
      EXPRESSION ('[NODE_TYPE]' = 'ad-hoc' and '[STATUS]' = 'Working')
      MAXSCALE 10000
      LABEL
         COLOR  44 6 126
         FONT sans
         TYPE truetype
         SIZE 6
         POSITION AUTO
         PARTIALS FALSE
         OUTLINECOLOR 255 255 253
      END
      STYLE
        SYMBOL 'circle'
        COLOR 255 150 150
        OUTLINECOLOR 0 0 0
        SIZE 7
      END
    END

    CLASS
      NAME 'NodesProjected'
      EXPRESSION ('[STATUS]' = 'Planned')
      MINSCALE 10000
      STYLE
        SYMBOL 'circle'
        COLOR 0 255 255
        OUTLINECOLOR 0 0 0
        SIZE 4
      END
      TEMPLATE "nodes.html"
    END
    CLASS
      NAME 'NodesProjectedName'
      EXPRESSION ('[STATUS]' = 'Planned')
      MAXSCALE 10000
      LABEL
         COLOR  44 6 126
         FONT sans
         TYPE truetype
         SIZE 6
         POSITION AUTO
         PARTIALS FALSE
         OUTLINECOLOR 255 255 253
      END
      STYLE
        SYMBOL 'circle'
        COLOR 0 255 255
        OUTLINECOLOR 0 0 0
        SIZE 7
      END
    END

    CLASS
      NAME 'NodesTesting'
      EXPRESSION ('[STATUS]' = 'Testing')
      MINSCALE 10000
      STYLE
        SYMBOL 'circle'
        COLOR 255 127 0
        OUTLINECOLOR 0 0 0
        SIZE 4
      END
      TEMPLATE "nodes.html"
    END
    CLASS
      NAME 'NodesTestingName'
      EXPRESSION ('[STATUS]' = 'Testing')
      MAXSCALE 10000
      LABEL
         COLOR  44 6 126
         FONT sans
         TYPE truetype
         SIZE 6
         POSITION AUTO
         PARTIALS FALSE
         OUTLINECOLOR 255 255 253
      END
      STYLE
        SYMBOL 'circle'
        COLOR 255 127 0
        OUTLINECOLOR 0 0 0
        SIZE 7
      END
    END

    CLASS
      NAME 'NodesInactive'
      EXPRESSION ('[STATUS]' = 'Inactive')
      MINSCALE 10000
      STYLE
        SYMBOL 'circle'
        COLOR 192 192 192
        OUTLINECOLOR 0 0 0
        SIZE 4
      END
      TEMPLATE "nodes.html"
    END
    CLASS
      NAME 'NodesInactiveName'
      EXPRESSION ('[STATUS]' = 'Inactive')
      MAXSCALE 10000
      LABEL
         COLOR  44 6 126
         FONT sans
         TYPE truetype
         SIZE 6
         POSITION AUTO
         PARTIALS FALSE
         OUTLINECOLOR 255 255 253
      END
      STYLE
        SYMBOL 'circle'
        COLOR 192 192 192
        OUTLINECOLOR 0 0 0
        SIZE 7
      END
    END

    CLASS
      NAME 'NodesBuilding'
      EXPRESSION ('[STATUS]' = 'Building')
      MINSCALE 10000
      STYLE
        SYMBOL 'circle'
        COLOR 255 236 139
        OUTLINECOLOR 0 0 0
        SIZE 4
      END
      TEMPLATE "nodes.html"
    END
    CLASS
      NAME 'NodesBuildingName'
      EXPRESSION ('[STATUS]' = 'Building')
      MAXSCALE 10000
      LABEL
         COLOR  44 6 126
         FONT sans
         TYPE truetype
         SIZE 6
         POSITION AUTO
         PARTIALS FALSE
         OUTLINECOLOR 255 255 253
      END
      STYLE
        SYMBOL 'circle'
        COLOR 255 236 139
        OUTLINECOLOR 0 0 0
        SIZE 7
      END
    END

    CLASS
      NAME 'NodesReserved'
      EXPRESSION ('[STATUS]' = 'Reserved')
      MINSCALE 10000
      STYLE
        SYMBOL 'circle'
        COLOR 255 255 255
        OUTLINECOLOR 0 0 0
        SIZE 4
      END
      TEMPLATE "nodes.html"
    END
    CLASS
      NAME 'NodesReservedName'
      EXPRESSION ('[STATUS]' = 'Reserved')
      MAXSCALE 10000
      LABEL
         COLOR  44 6 126
         FONT sans
         TYPE truetype
         SIZE 6
         POSITION AUTO
         PARTIALS FALSE
         OUTLINECOLOR 255 255 253
      END
      STYLE
        SYMBOL 'circle'
        COLOR 255 255 255
        OUTLINECOLOR 0 0 0
        SIZE 7
      END
    END

    CLASS
      NAME 'NodesOthers'
      EXPRESSION ('[STATUS]' != 'Reserved' and '[STATUS]' != 'Testing' and '[STATUS]' != 'Building' and '[STATUS]' != 'Working' and '[STATUS]' != 'Inactive' and '[STATUS]' != 'Planned')
      MINSCALE 10000
      STYLE
        SYMBOL 'circle'
        COLOR 0 0 0
        OUTLINECOLOR 0 0 0
        SIZE 4
      END
      TEMPLATE "nodes.html"
    END
    CLASS
      NAME 'NodesOthersName'
      EXPRESSION ('[STATUS]' != 'Reserved' and '[STATUS]' != 'Testing' and '[STATUS]' != 'Building' and '[STATUS]' != 'Working' and '[STATUS]' != 'Inactive' and '[STATUS]' != 'Planned')
      MAXSCALE 10000
      LABEL
         COLOR  44 6 126
         FONT sans
         TYPE truetype
         SIZE 6
         POSITION AUTO
         PARTIALS FALSE
         OUTLINECOLOR 255 255 253
      END
      STYLE
        SYMBOL 'circle'
        COLOR 0 0 0
        OUTLINECOLOR 0 0 0
        SIZE 7
      END
    END

    PROJECTION
      "proj=latlong"
      "ellps=WGS84"
      "datum=WGS84"
      "no_defs"
    END
    METADATA
      WMS_TITLE "Supernodes"
      WMS_ABSTRACT "Supernodes"
      #*************-Afegit IDEC--Descripició de les capacitats
      WMS_SRS "EPSG:4326 EPSG:23031 EPSG:3857"
      #Exposició Web Feature Service
      "wfs_title"    "Supernodes"
      "gml_include_items" "ALL"
      #*************-Final afegit

	END
  END

  LAYER
    NAME Sites
    METADATA
      "DESCRIPTION"   "Sites"
      "RESULT_FIELDS" "name type status"
    END
    TYPE POINT
    DATA sites/sites
    TOLERANCE 8
    STATUS ON

    CLASS
      NAME 'SitesNotWorking'
      EXPRESSION ('[status]' != 'Working' and '[status]' != 'Projected')
      STYLE
        SYMBOL 'square'
        COLOR 255 0 255
        OUTLINECOLOR 0 0 0
        SIZE 6
      END
    END
    CLASS
      NAME 'SitesND'
      EXPRESSION ('[type]' = 'notdefined' and '[status]' = 'Working')
      STYLE
        SYMBOL 'square'
        COLOR 255 0 0
        OUTLINECOLOR 0 0 0
        SIZE 6
      END
    END
    CLASS
      NAME 'SitesMH'
      EXPRESSION ('[type]' = 'manhole' and '[status]' = 'Working')
      STYLE
        SYMBOL 'square'
        COLOR 255 0 0
        OUTLINECOLOR 0 0 0
        SIZE 6
      END
    END
    CLASS
      NAME 'SitesPL'
      EXPRESSION ('[type]' = 'pole' and '[status]' = 'Working')
      STYLE
        SYMBOL 'square'
        COLOR 255 0 0
        OUTLINECOLOR 0 0 0
        SIZE 6
      END
    END
    CLASS
      NAME 'SitesRM'
      EXPRESSION ('[type]' = 'room' and '[status]' = 'Working')
      STYLE
        SYMBOL 'square'
        COLOR 255 0 0
        OUTLINECOLOR 0 0 0
        SIZE 6
      END
    END
    CLASS
      NAME 'SitesCB'
      EXPRESSION ('[type]' = 'cabinet' and '[status]' = 'Working')
      STYLE
        SYMBOL 'square'
        COLOR 255 0 0
        OUTLINECOLOR 0 0 0
        SIZE 6
      END
    END
    CLASS
      NAME 'SitesPO'
      EXPRESSION ('[type]' = 'poe' and '[status]' = 'Working')
      STYLE
        SYMBOL 'square'
        COLOR 255 0 0
        OUTLINECOLOR 0 0 0
        SIZE 6
      END
    END
    CLASS
      NAME 'SitesHK'
      EXPRESSION ('[type]' = 'hook' and '[status]' = 'Working')
      STYLE
        SYMBOL 'square'
        COLOR 255 0 0
        OUTLINECOLOR 0 0 0
        SIZE 6
      END
    END
    CLASS
      NAME 'SitesJM'
      EXPRESSION ('[type]' = 'jump' and '[status]' = 'Working')
      STYLE
        SYMBOL 'square'
        COLOR 255 0 0
        OUTLINECOLOR 0 0 0
        SIZE 6
      END
    END
    PROJECTION
      "proj=latlong"
      "ellps=WGS84"
      "datum=WGS84"
      "no_defs"
    END
    METADATA
      WMS_TITLE "Sites"
      WMS_ABSTRACT "Sites"
      #*************-Afegit IDEC--Descripició de les capacitats
      WMS_SRS "EPSG:4326 EPSG:23031 EPSG:3857"
      #Exposició Web Feature Service
      "wfs_title"    "Sites"
      "gml_include_items" "ALL"
      #*************-Final afegit

	END
  END
END
