MAP
NAME "guifiCatalunya"
SIZE 600 450
TRANSPARENT OFF
IMAGECOLOR 220 255 255
IMAGETYPE JPEG 
STATUS ON
SYMBOLSET "symbols/symbols.sym"
FONTSET fonts/fonts.txt
EXTENT -180 -90 180 90
UNITS dd
SHAPEPATH "../data/"

PROJECTION
   "init=epsg:4326"
END
    
WEB
  IMAGEPATH "/tmp/ms_tmp/"
  IMAGEURL "/tmp/"
  METADATA
    WMS_TITLE "Nodes GUIFI.NET"
    WMS_ABSTRACT "Localització de nodes i enllaços de guifi.net"
    WMS_FEATURE_INFO_MIME_TYPE  "text/html"
    WMS_ONLINERESOURCE "http://wms.guifi.net/cgi-bin/mapserv?map=guifimaps/guifi.map&"
    WMS_SRS "EPSG:4326 EPSG:23031"
  END
  
END

SYMBOL
    NAME 'circle'
    TYPE ELLIPSE
    POINTS 
      1 1 
    END
    FILLED TRUE
END
SYMBOL
    NAME 'dashed'
    TYPE ELLIPSE
    POINTS 
      1 1 
    END
    STYLE 2 2 2 2 END
    FILLED TRUE
END

QUERYMAP
  STYLE HILITE
  COLOR 255 0 0
END

SCALEBAR
  IMAGECOLOR 255 255 255
  LABEL
    COLOR 0 0 0
    SIZE SMALL
  END
  SIZE 350 3
  COLOR 255 255 255
  BACKGROUNDCOLOR 0 0 0
  OUTLINECOLOR 0 0 0
  UNITS kilometers
  INTERVALS 5
  STATUS ON
END



# Links 
  LAYER
    NAME Links
    TYPE LINE
    CONNECTIONTYPE OGR
    CONNECTION "dlinks.gml"
    TOLERANCE 8
    STATUS ON
    CLASS
      NAME 'LinksWDS'
      MAXSCALE 1000000000
      EXPRESSION ('[STATUS]' = 'Working' AND '[LINK_TYPE]' = 'wds')
      STYLE
        SYMBOL 'circle'
        COLOR 30 255 14
        SIZE 2
        MINSIZE 2
      END
      TEMPLATE "links.html"
    END
    CLASS
      NAME 'LinksClient'
      MAXSCALE 1000000000
      EXPRESSION ('[STATUS]' = 'Working' AND '[LINK_TYPE]' = 'ap/client')
      STYLE
        SYMBOL 'circle'
        COLOR 0 255 0
        SIZE 1
        MINSIZE 1
      END
      TEMPLATE "links.html"
    END
    CLASS
      NAME 'LinksOffline'
      MAXSCALE 1000000000
      EXPRESSION ('[STATUS]' != 'Working')
      STYLE
        SYMBOL 'dashed'
        COLOR 0 128 255
        SIZE 1
        MINSIZE 1
      END
      TEMPLATE "links.html"
    END
    METADATA
      "DESCRIPTION"   "Links"
      "RESULT_FIELDS" "NODE1_ID NODE1_NAME NODE2_ID NODE2_NAME LINK_TYPE STATUS KMS NODE1_URL NODE2_URL"
    END
    PROJECTION
      "proj=longlat"
      "ellps=WGS84"
      "datum=WGS84"
      "no_defs"
    END
    METADATA
      WMS_TITLE "Links"
      WMS_ABSTRACT "Links"
      WMS_SRS "EPSG:4326 EPSG:23031"
	  #Exposició Web Feature Service
	  "wfs_title"    "Links" 
      "gml_include_items" "ALL"  
    END
END

# Nodes 
  LAYER
    NAME Nodes
    METADATA
      "DESCRIPTION"   "Nodes"
      "RESULT_FIELDS" "NODE_NAME NODE_TYPE STATUS NODE_URL"
    END
    LABELITEM NODE_NAME
    TYPE POINT
    CONNECTIONTYPE OGR
    CONNECTION "dnodes.gml"
    TOLERANCE 8
    STATUS ON
    CLASS
      NAME 'NodesAP'
      EXPRESSION ('[NODE_TYPE]' = 'ap' and '[STATUS]' = 'Working')
      MINSCALE 100000
      STYLE
        SYMBOL 'circle'
        COLOR 0 255 0
        OUTLINECOLOR 0 0 0
        SIZE 6
      END
      TEMPLATE "nodes.html"
    END
    CLASS
      NAME 'NodesAPName'
      EXPRESSION ('[NODE_TYPE]' = 'ap' and '[STATUS]' = 'Working')
      MAXSCALE 100000
      LABEL
         COLOR  44 6 126
         FONT sans
         TYPE truetype
         SIZE 6
         POSITION AUTO
         PARTIALS FALSE
         OUTLINECOLOR 255 255 253
      END
      STYLE
        SYMBOL 'circle'
        COLOR 0 255 0
        OUTLINECOLOR 0 0 0
        SIZE 7
      END
      TEMPLATE "nodes.html"
    END
    CLASS
      NAME 'Supernodes'
      EXPRESSION ('[NODE_TYPE]' = 'Supernode' and '[STATUS]' = 'Working')
      MINSCALE 250000
      STYLE
        SYMBOL 'star'
        COLOR 0 255 0
        OUTLINECOLOR 0 0 0
        SIZE 8
      END
      TEMPLATE "nodes.html"
    END
    CLASS
      NAME 'SupernodesName'
      EXPRESSION ('[NODE_TYPE]' = 'Supernode' and '[STATUS]' = 'Working')
      MAXSCALE 250000
      LABEL
         COLOR  44 6 126
         FONT sans
         TYPE truetype
         SIZE 7
         POSITION AUTO
         PARTIALS FALSE
         OUTLINECOLOR 255 255 253
      END
      STYLE
        SYMBOL 'star'
        COLOR 0 255 0
        OUTLINECOLOR 0 0 0
        SIZE 12
      END
      TEMPLATE "nodes.html"
    END
    CLASS
      NAME 'NodesProjected'
      EXPRESSION ('[STATUS]' != 'Working')
      MINSCALE 25000
      STYLE
        SYMBOL 'circle'
        COLOR 255 255 0
        OUTLINECOLOR 0 0 0
        SIZE 4
      END
      TEMPLATE "nodes.html"
    END
    CLASS
      NAME 'NodesProjectedName'
      EXPRESSION ('[STATUS]' != 'Working')
      MAXSCALE 25000
      LABEL
         COLOR  44 6 126
         FONT sans
         TYPE truetype
         SIZE 5
         POSITION AUTO
         PARTIALS FALSE
         OUTLINECOLOR 255 255 253
      END
      STYLE
        SYMBOL 'circle'
        COLOR 255 255 0
        OUTLINECOLOR 0 0 0
        SIZE 4
      END
    END
    CLASS
      NAME 'NodesClient'
      EXPRESSION ('[NODE_TYPE]' = 'client' and '[STATUS]' = 'Working')
      MINSCALE 25000
      STYLE
        SYMBOL 'circle'
        COLOR 0 255 0
        OUTLINECOLOR 0 0 0
        SIZE 4
      END
      TEMPLATE "nodes.html"
    END
    CLASS
      NAME 'NodesClientName'
      EXPRESSION ('[NODE_TYPE]' = 'client' and '[STATUS]' = 'Working')
      MAXSCALE 25000
      LABEL
         COLOR  44 6 126
         FONT sans
         TYPE truetype
         SIZE 5
         POSITION AUTO
         PARTIALS FALSE
         OUTLINECOLOR 255 255 253
      END
      STYLE
        SYMBOL 'circle'
        COLOR 0 255 0
        OUTLINECOLOR 0 0 0
        SIZE 4
      END
    END
    PROJECTION
      "proj=longlat"
      "ellps=WGS84"
      "datum=WGS84"
      "no_defs"
    END
    METADATA
      WMS_TITLE "Supernodes"
      WMS_ABSTRACT "Supernodes."
	  
    WMS_SRS "EPSG:4326 EPSG:23031"
       #Exposició Web Feature Service
       "wfs_title"    "Supernodes" 
       "gml_include_items" "ALL"  
     END
  END

# Layer POINTER
LAYER
  NAME Pointer
  TYPE POINT
  TRANSPARENCY 100
  STATUS ON
  LABELITEM Clicked
  CLASS
      SYMBOL 'star' SIZE 10
      COLOR 255 0 0
      OUTLINECOLOR 0 0 0
    END
END

END

