MAP
NAME "guifiWorld"
SIZE 600 450
TRANSPARENT OFF
IMAGECOLOR 220 255 255
IMAGETYPE GIF
STATUS ON
SYMBOLSET "symbols/symbols.sym"
FONTSET fonts/fonts.txt
EXTENT -180 -90 180 90
UNITS dd
SHAPEPATH "data/"

PROJECTION
   "init=epsg:4326"
END
    
WEB
  TEMPLATE "web.html"
  IMAGEPATH "/tmp/ms_tmp/"
  IMAGEURL "/tmp/"
END
SYMBOL
    NAME 'circle'
    TYPE ELLIPSE
    POINTS 
      1 1 
    END
    FILLED TRUE
END
SYMBOL
    NAME 'dashed'
    TYPE ELLIPSE
    POINTS 
      1 1 
    END
    STYLE 2 2 2 2 END
    FILLED TRUE
END

REFERENCE
   IMAGE images/key_spain.gif
   EXTENT -9.575 35.976667 4.478333 44.051667
   STATUS ON
  COLOR -1 -1 -1
  OUTLINECOLOR 255 0 0
#  UNITS dd
  SIZE 120 90
END


QUERYMAP
  STYLE HILITE
  COLOR 255 0 0
END

SCALEBAR
  IMAGECOLOR 255 255 255
  LABEL
    COLOR 0 0 0
    SIZE SMALL
  END
  SIZE 350 3
  COLOR 255 255 255
  BACKGROUNDCOLOR 0 0 0
  OUTLINECOLOR 0 0 0
  UNITS kilometers
  INTERVALS 5
  STATUS ON
END


# World, admin borders
LAYER
    NAME BaseMap
    TYPE POLYGON
    STATUS ON
    MAXSCALE 20000000
    MINSCALE 1000000
    DATA "admin00"
    LABELITEM "ADMIN_NAME"
    CLASS
        STYLE
            COLOR 255 255 220
            OUTLINECOLOR 176 177 189
            SYMBOL 0
        END
        NAME "WorldAdmin"
    END
END

#####################################################################
# Put here opaque layers such ortophotos
#####################################################################


#####################################################################
# Maps of Spain (IDE-E - www.ideee.es)
#####################################################################

# Spain, Provincias
LAYER
    NAME "SpainProvincias"
    METADATA
      "DESCRIPTION"   "SpainProvincias"
      "RESULT_FIELDS" "nombre"
    END
    TYPE POLYGON
    STATUS ON
    DATA SpainProvincias/BDLL25_Provincia
#    TRANSPARENCY 100
    MAXSCALE 12000000
    MINSCALE 300001
    CLASS
        STYLE
            COLOR 255 255 220
            OUTLINECOLOR 176 177 189
            SYMBOL 0
        END
    END
    TOLERANCE 5
END

############################################################################
# Spain, Provincias, nombre
LAYER
    NAME "SpainNombreProvincias"
    METADATA
      "DESCRIPTION"   "SpainProvincias"
      "RESULT_FIELDS" "nombre"
    END
    TYPE POLYGON
    STATUS ON
    DATA SpainProvincias/BDLL25_Provincia
    LABELITEM "nombre"
    TRANSPARENCY 100
    MAXSCALE 7000000
    MINSCALE 750000
    CLASS
       NAME "nombre"
       LABEL
         COLOR  128 0 0
         FONT sans-italic
         TYPE truetype
         SIZE 9
         POSITION AUTO
         PARTIALS FALSE
         OUTLINECOLOR 255 255 255
       END
      TEMPLATE "ttt_query.html"
    END
    TOLERANCE 5
END

# Spain, Municipios
LAYER
    NAME "SpainMunicipios"
    METADATA
      "DESCRIPTION"   "SpainMunicipios"
      "RESULT_FIELDS" "nombre"
    END
    TYPE POLYGON
    STATUS ON
    DATA SpainMunicipios/bdll200_municipio
    MAXSCALE 900000
    MINSCALE 100000
    CLASS
        STYLE
            COLOR 255 255 220
            OUTLINECOLOR 176 177 189
            SYMBOL 0
        END
      OUTLINECOLOR 170 205 170
      TEMPLATE "ttt_query.html"
    END
    TOLERANCE 5
END

# Spain, Municipios, nombres
LAYER
    NAME "SpainNombreMunicipios"
    METADATA
      "DESCRIPTION"   "SpainNombreMunicipios"
      "RESULT_FIELDS" "nombre"
    END
    TYPE POLYGON
    STATUS off
    DATA SpainMunicipios/bdll200_municipio
    LABELITEM "nombre"
    MAXSCALE 250000
    MINSCALE 5000
    CLASS
       NAME "nombre"
       LABEL
         COLOR  128 0 0
         FONT sans-italic
         TYPE truetype
         SIZE 7
         POSITION AUTO
         PARTIALS FALSE
         OUTLINECOLOR 255 255 255
       END
      TEMPLATE "ttt_query.html"
    END
    TOLERANCE 5
END

# Spain, Hidrografia (Lineas)
LAYER
    NAME "SpainHidrografia"
    METADATA
      "DESCRIPTION"   "SpainHidrografia"
      "RESULT_FIELDS" "namn1"
    END
    TYPE LINE
    STATUS ON
    DATA SpainEGM/EGM_HidrografiaLinea
    MAXSCALE 2400000
    MINSCALE 300001
    CLASS
        STYLE
            COLOR 99 143 255
            OUTLINECOLOR 200 200 200
            SYMBOL 0
        END
      COLOR 99 143 255
      TEMPLATE "ttt_query.html"
    END
    TOLERANCE 5
END
# Spain, Vias (Lineas)
LAYER
    NAME "SpainViasLineas"
    METADATA
      "DESCRIPTION"   "SpainViasLineas"
      "RESULT_FIELDS" "fcode rtn1 rte1 na41 use exs"
    END
    TYPE LINE
    STATUS ON
    DATA SpainEGM/EGM_ViaComunicacionLinea
    FILTER ('[FCODE]' != 'AQ070')
    MAXSCALE 2400000
    MINSCALE 300001
    CLASS
       EXPRESSION ('[FCODE]' != 'AP030' AND '[FCODE]' != 'AN010')
       COLOR 233 5 5
      TEMPLATE "ttt_query.html"
    END
    CLASS
       EXPRESSION ('[RTE1]' = 'N_A' OR '[RTE1]' = 'N/A')
       STYLE
            COLOR 110 50 100
            OUTLINECOLOR 200 200 200
            SYMBOL 0
       END
#      COLOR 233 5 5
      TEMPLATE "ttt_query.html"
    END
    CLASS
       EXPRESSION ('[RTE1]' != 'N/A' AND '[RTE1]' != 'N_A')
       STYLE
            SYMBOL 'circle'
            COLOR 233 5 5
            OUTLINECOLOR 200 200 200
            SIZE 3
        END
#      COLOR 233 5 5
      TEMPLATE "ttt_query.html"
    END
    TOLERANCE 5
END


# Spain, Construccion (Areas)
LAYER
    NAME "SpainConstruccionArea"
    METADATA
      "DESCRIPTION"   "SpainConstruccionArea"
      "RESULT_FIELDS" "namn1"
    END
    TYPE POLYGON
    STATUS ON
    DATA SpainEGMConstruccionAreas/EGM_ConstruccionArea
    LABELITEM namn1
    MAXSCALE 2000000
    MINSCALE 300001
    CLASS
       NAME "namn1"
       LABEL
         COLOR  128 0 0
         FONT sans-italic
         TYPE truetype
         SIZE 8
         POSITION AUTO
         PARTIALS FALSE
         OUTLINECOLOR 255 255 255
       END
       STYLE
            COLOR 110 50 100
#            COLOR 252 189 189
            OUTLINECOLOR 200 200 200
            SYMBOL 0
        END
      COLOR 252 189 189
      OUTLINECOLOR 120 120 120
      TEMPLATE "ttt_query.html"
    END
    TOLERANCE 5
END

# Spain, Construccion (Puntos)
LAYER
    NAME "SpainConstruccionPuntos"
    METADATA
      "DESCRIPTION"   "SpainConstruccionPuntos"
      "RESULT_FIELDS" "namn1"
    END
    TYPE POINT
    STATUS ON
    DATA SpainEGMConstruccionPuntos/EGM_ConstruccionArea
    LABELITEM namn1
    MAXSCALE 900000
    MINSCALE 300001
    CLASS
       NAME "namn1"
       SYMBOL "circle" SIZE 4
       LABEL
         COLOR  128 0 0
         FONT sans-italic
         TYPE truetype
         SIZE 7
         POSITION AUTO
         PARTIALS FALSE
         OUTLINECOLOR 255 255 255
       END
       STYLE
            COLOR 255 255 255
            OUTLINECOLOR 0 0 0
            SYMBOL 0
        END
      COLOR 0 0 0
      OUTLINECOLOR 0 0 0
      TEMPLATE "ttt_query.html"
    END
END

# Spain, Geodesia (Puntos)

LAYER
    NAME "SpainGeodesia"
    METADATA
      "DESCRIPTION"   "SpainGeodesia"
      "RESULT_FIELDS" "namn1"
    END
    TYPE POINT
    STATUS on
    DATA SpainEGM/EGM_GeodesiaPunto
    LABELITEM namn1
    MAXSCALE 300000
    CLASS
       NAME "namn1"
       SYMBOL 'triangle' SIZE 8
       LABEL
         COLOR  128 0 0
         FONT sans-italic
         TYPE truetype
         SIZE 7
         POSITION AUTO
         PARTIALS FALSE
         OUTLINECOLOR 255 255 255
       END
       STYLE
            COLOR 110 50 100
            OUTLINECOLOR 200 200 200
            SYMBOL 0
        END
      COLOR 200 255 0
      OUTLINECOLOR 120 120 120
      TEMPLATE "ttt_query.html"
    END
    TOLERANCE 5
END

# Spain, Topografico 25K
LAYER
      NAME "Topo25K"
      TYPE RASTER
      STATUS on
      CONNECTION "http://www.idee.es/wms/IDEE-Base/IDEE-Base?"
      CONNECTIONTYPE WMS
      TRANSPARENCY 100
      MAXSCALE 300000
      MINSCALE 0
      METADATA
        "wms_srs"             "EPSG:4326"
        "wms_name"            "Todas"
        "wms_server_version"  "1.1.0"
        "wms_format"          "image/jpeg"
      END
      PROJECTION
      "init=epsg:4326"
#      "towgs84=-84,-97,-117"
      END

    END

# Spain,Catastro 
LAYER
      NAME "Catastro"
      TYPE RASTER
      STATUS on
      CONNECTION "http://ovc.catastro.meh.es/Cartografia/WMS/ServidorWMS.aspx?"
      CONNECTIONTYPE WMS
      TRANSPARENCY 0
      MAXSCALE 5000
      MINSCALE 0
      METADATA
        "wms_srs"             "EPSG:4326"
        "wms_name"            "Catastro"
        "wms_server_version"  "1.1.0"
        "wms_format"          "image/png"
      END
      PROJECTION
      "init=epsg:4326"
#      "towgs84=-84,-97,-117"
      END

    END



# EOF Spain opaque layers
############################################################################

############################################################################
# Guifi shapefiles (nodes & links)
############################################################################


# Links 
  LAYER
    NAME Links
    TYPE LINE
    CONNECTIONTYPE OGR
    CONNECTION "dlinks.gml"
    TOLERANCE 8
    STATUS ON
    CLASS
      NAME 'LinksWDS'
      MAXSCALE 1000000000
      EXPRESSION ('[STATUS]' = 'Working' AND '[LINK_TYPE]' = 'wds')
      STYLE
        SYMBOL 'circle'
        COLOR 30 255 14
        SIZE 2
        MINSIZE 2
      END
      TEMPLATE "ttt_query.html"
    END
    CLASS
      NAME 'LinksClient'
      MAXSCALE 1000000000
      EXPRESSION ('[STATUS]' = 'Working' AND '[LINK_TYPE]' = 'ap/client')
      STYLE
        SYMBOL 'circle'
        COLOR 0 255 0
        SIZE 1
        MINSIZE 1
      END
      TEMPLATE "ttt_query.html"
    END
    CLASS
      NAME 'LinksOffline'
      MAXSCALE 1000000000
      EXPRESSION ('[STATUS]' != 'Working')
      STYLE
        SYMBOL 'dashed'
        COLOR 0 128 255
        SIZE 1
        MINSIZE 1
      END
      TEMPLATE "ttt_query.html"
    END
    PROJECTION
      "proj=latlong"
      "ellps=WGS84"
      "datum=WGS84"
      "no_defs"
    END
    METADATA
      "DESCRIPTION"   "Links"
      "RESULT_FIELDS" "NODE1_ID NODE1_NAME NODE2_ID NODE2_NAME LINK_TYPE STATUS KMS NODE1_URL NODE2_URL"
    END
  END

# Nodes 
  LAYER
    NAME Nodes
    METADATA
      "DESCRIPTION"   "Nodes"
      "RESULT_FIELDS" "NODE_NAME NODE_TYPE STATUS NODE_URL"
    END
    LABELITEM NODE_NAME
    TYPE POINT
    CONNECTIONTYPE OGR
    CONNECTION "dnodes.gml"
    TOLERANCE 8
    STATUS ON
    CLASS
      NAME 'NodesAP'
      EXPRESSION ('[NODE_TYPE]' = 'ap' and '[STATUS]' = 'Working')
      MINSCALE 100000
      STYLE
        SYMBOL 'circle'
        COLOR 0 255 0
        OUTLINECOLOR 0 0 0
        SIZE 6
      END
      TEMPLATE "ttt_query.html"
    END
    CLASS
      NAME 'NodesAPName'
      EXPRESSION ('[NODE_TYPE]' = 'ap' and '[STATUS]' = 'Working')
      MAXSCALE 100000
      LABEL
         COLOR  44 6 126
         FONT sans
         TYPE truetype
         SIZE 6
         POSITION AUTO
         PARTIALS FALSE
         OUTLINECOLOR 255 255 255
      END
      STYLE
        SYMBOL 'circle'
        COLOR 0 255 0
        OUTLINECOLOR 0 0 0
        SIZE 7
      END
      TEMPLATE "ttt_query.html"
    END
    CLASS
      NAME 'Supernodes'
      EXPRESSION ('[NODE_TYPE]' = 'Supernode' and '[STATUS]' = 'Working')
      MINSCALE 250000
      STYLE
        SYMBOL 'star'
        COLOR 0 255 0
        OUTLINECOLOR 0 0 0
        SIZE 8
      END
      TEMPLATE "ttt_query.html"
    END
    CLASS
      NAME 'SupernodesName'
      EXPRESSION ('[NODE_TYPE]' = 'Supernode' and '[STATUS]' = 'Working')
      MAXSCALE 250000
      LABEL
         COLOR  44 6 126
         FONT sans
         TYPE truetype
         SIZE 7
         POSITION AUTO
         PARTIALS FALSE
         OUTLINECOLOR 255 255 255
      END
      STYLE
        SYMBOL 'star'
        COLOR 0 255 0
        OUTLINECOLOR 0 0 0
        SIZE 12
      END
      TEMPLATE "ttt_query.html"
    END
    CLASS
      NAME 'NodesProjected'
      EXPRESSION ('[STATUS]' != 'Working')
      MINSCALE 25000
      STYLE
        SYMBOL 'circle'
        COLOR 255 255 0
        OUTLINECOLOR 0 0 0
        SIZE 4
      END
      TEMPLATE "ttt_query.html"
    END
    CLASS
      NAME 'NodesProjectedName'
      EXPRESSION ('[STATUS]' != 'Working')
      MAXSCALE 25000
      LABEL
         COLOR  44 6 126
         FONT sans
         TYPE truetype
         SIZE 5
         POSITION AUTO
         PARTIALS FALSE
         OUTLINECOLOR 255 255 255
      END
      STYLE
        SYMBOL 'circle'
        COLOR 255 255 0
        OUTLINECOLOR 0 0 0
        SIZE 4
      END
    END
    CLASS
      NAME 'NodesClient'
      EXPRESSION ('[NODE_TYPE]' = 'client' and '[STATUS]' = 'Working')
      MINSCALE 25000
      STYLE
        SYMBOL 'circle'
        COLOR 0 255 0
        OUTLINECOLOR 0 0 0
        SIZE 4
      END
      TEMPLATE "ttt_query.html"
    END
    CLASS
      NAME 'NodesClientName'
      EXPRESSION ('[NODE_TYPE]' = 'client' and '[STATUS]' = 'Working')
      MAXSCALE 25000
      LABEL
         COLOR  44 6 126
         FONT sans
         TYPE truetype
         SIZE 5
         POSITION AUTO
         PARTIALS FALSE
         OUTLINECOLOR 255 255 255
      END
      STYLE
        SYMBOL 'circle'
        COLOR 0 255 0
        OUTLINECOLOR 0 0 0
        SIZE 4
      END
    END
    PROJECTION
      "proj=latlong"
      "ellps=WGS84"
      "datum=WGS84"
      "no_defs"
    END
    METADATA
      WMS_TITLE "Supernodes"
      WMS_ABSTRACT "Supernodes."
    END
  END

# Layer POINTER
LAYER
  NAME Pointer
  TYPE POINT
  TRANSPARENCY 100
  STATUS ON
  LABELITEM Clicked
  CLASS
      SYMBOL 'star' SIZE 10
      COLOR 255 0 0
      OUTLINECOLOR 0 0 0
    END
END

LAYER
  NAME copyright
  STATUS on
  TYPE annotation
  TRANSFORM false
  FEATURE
    POINTS
      200 10 #this is the position of the text in image coordinates (pixels)
    END
    TEXT "guifi.net & infraestructura de datos espaciales de españa - www.idee.es" #this is your displaying text
  END   
  CLASS
    LABEL #defines the font, colors etc. of the text
      FONT "sans"
      TYPE TRUETYPE
      SIZE 8
      BUFFER 1
      COLOR 0 0 0
      OUTLINECOLOR 255 255 255
      FORCE TRUE
    END
  END 
END

END

